Archive member included because of file (symbol)

c:/program files (x86)/atmel/avr tools/avr toolchain/bin/../lib/gcc/avr/4.8.1/avr5\libgcc.a(_exit.o)
                              c:/program files (x86)/atmel/avr tools/avr toolchain/bin/../lib/gcc/avr/4.8.1/../../../../avr/lib/avr5/crtm328p.o (exit)
c:/program files (x86)/atmel/avr tools/avr toolchain/bin/../lib/gcc/avr/4.8.1/avr5\libgcc.a(_copy_data.o)
                              ./SRC/SOURCE/main.o (__do_copy_data)
c:/program files (x86)/atmel/avr tools/avr toolchain/bin/../lib/gcc/avr/4.8.1/avr5\libgcc.a(_clear_bss.o)
                              ./Libraries/Source/usart.o (__do_clear_bss)
c:/program files (x86)/atmel/avr tools/avr toolchain/bin/../lib/gcc/avr/4.8.1/../../../../avr/lib/avr5\libc.a(dtostrf.o)
                              ./Libraries/Source/usart.o (dtostrf)
c:/program files (x86)/atmel/avr tools/avr toolchain/bin/../lib/gcc/avr/4.8.1/../../../../avr/lib/avr5\libc.a(atof.o)
                              ./Libraries/Source/usart.o (atof)
c:/program files (x86)/atmel/avr tools/avr toolchain/bin/../lib/gcc/avr/4.8.1/../../../../avr/lib/avr5\libc.a(atoi.o)
                              ./Libraries/Source/usart.o (atoi)
c:/program files (x86)/atmel/avr tools/avr toolchain/bin/../lib/gcc/avr/4.8.1/../../../../avr/lib/avr5\libc.a(atol.o)
                              ./Libraries/Source/usart.o (atol)
c:/program files (x86)/atmel/avr tools/avr toolchain/bin/../lib/gcc/avr/4.8.1/../../../../avr/lib/avr5\libc.a(itoa.o)
                              ./Libraries/Source/usart.o (__itoa)
c:/program files (x86)/atmel/avr tools/avr toolchain/bin/../lib/gcc/avr/4.8.1/../../../../avr/lib/avr5\libc.a(itoa_ncheck.o)
                              ./Libraries/Source/usart.o (__itoa_ncheck)
c:/program files (x86)/atmel/avr tools/avr toolchain/bin/../lib/gcc/avr/4.8.1/../../../../avr/lib/avr5\libc.a(ltoa.o)
                              ./Libraries/Source/usart.o (__ltoa)
c:/program files (x86)/atmel/avr tools/avr toolchain/bin/../lib/gcc/avr/4.8.1/../../../../avr/lib/avr5\libc.a(ltoa_ncheck.o)
                              ./Libraries/Source/usart.o (__ltoa_ncheck)
c:/program files (x86)/atmel/avr tools/avr toolchain/bin/../lib/gcc/avr/4.8.1/../../../../avr/lib/avr5\libc.a(mulsi10.o)
                              c:/program files (x86)/atmel/avr tools/avr toolchain/bin/../lib/gcc/avr/4.8.1/../../../../avr/lib/avr5\libc.a(atol.o) (__mulsi_const_10)
c:/program files (x86)/atmel/avr tools/avr toolchain/bin/../lib/gcc/avr/4.8.1/../../../../avr/lib/avr5\libc.a(mul10.o)
                              c:/program files (x86)/atmel/avr tools/avr toolchain/bin/../lib/gcc/avr/4.8.1/../../../../avr/lib/avr5\libc.a(atoi.o) (__mulhi_const_10)
c:/program files (x86)/atmel/avr tools/avr toolchain/bin/../lib/gcc/avr/4.8.1/../../../../avr/lib/avr5\libc.a(ultoa.o)
                              ./Libraries/Source/usart.o (__ultoa)
c:/program files (x86)/atmel/avr tools/avr toolchain/bin/../lib/gcc/avr/4.8.1/../../../../avr/lib/avr5\libc.a(ultoa_ncheck.o)
                              ./Libraries/Source/usart.o (__ultoa_ncheck)
c:/program files (x86)/atmel/avr tools/avr toolchain/bin/../lib/gcc/avr/4.8.1/../../../../avr/lib/avr5\libc.a(utoa.o)
                              ./Libraries/Source/usart.o (__utoa)
c:/program files (x86)/atmel/avr tools/avr toolchain/bin/../lib/gcc/avr/4.8.1/../../../../avr/lib/avr5\libc.a(utoa_ncheck.o)
                              ./Libraries/Source/usart.o (__utoa_ncheck)
c:/program files (x86)/atmel/avr tools/avr toolchain/bin/../lib/gcc/avr/4.8.1/../../../../avr/lib/avr5\libc.a(dtoa_prf.o)
                              c:/program files (x86)/atmel/avr tools/avr toolchain/bin/../lib/gcc/avr/4.8.1/../../../../avr/lib/avr5\libc.a(dtostrf.o) (dtoa_prf)
c:/program files (x86)/atmel/avr tools/avr toolchain/bin/../lib/gcc/avr/4.8.1/../../../../avr/lib/avr5\libc.a(strtod.o)
                              c:/program files (x86)/atmel/avr tools/avr toolchain/bin/../lib/gcc/avr/4.8.1/../../../../avr/lib/avr5\libc.a(atof.o) (strtod)
c:/program files (x86)/atmel/avr tools/avr toolchain/bin/../lib/gcc/avr/4.8.1/../../../../avr/lib/avr5\libc.a(ftoa_engine.o)
                              c:/program files (x86)/atmel/avr tools/avr toolchain/bin/../lib/gcc/avr/4.8.1/../../../../avr/lib/avr5\libc.a(dtoa_prf.o) (__ftoa_engine)
c:/program files (x86)/atmel/avr tools/avr toolchain/bin/../lib/gcc/avr/4.8.1/../../../../avr/lib/avr5\libc.a(isspace.o)
                              c:/program files (x86)/atmel/avr tools/avr toolchain/bin/../lib/gcc/avr/4.8.1/../../../../avr/lib/avr5\libc.a(strtod.o) (isspace)
c:/program files (x86)/atmel/avr tools/avr toolchain/bin/../lib/gcc/avr/4.8.1/../../../../avr/lib/avr5\libc.a(strncasecmp_P.o)
                              c:/program files (x86)/atmel/avr tools/avr toolchain/bin/../lib/gcc/avr/4.8.1/../../../../avr/lib/avr5\libc.a(strtod.o) (strncasecmp_P)
c:/program files (x86)/atmel/avr tools/avr toolchain/bin/../lib/gcc/avr/4.8.1/../../../../avr/lib/avr5\libc.a(strrev.o)
                              c:/program files (x86)/atmel/avr tools/avr toolchain/bin/../lib/gcc/avr/4.8.1/../../../../avr/lib/avr5\libc.a(ultoa_ncheck.o) (strrev)
c:/program files (x86)/atmel/avr tools/avr toolchain/bin/../lib/gcc/avr/4.8.1/../../../../avr/lib/avr5\libc.a(cmpsf2.o)
                              c:/program files (x86)/atmel/avr tools/avr toolchain/bin/../lib/gcc/avr/4.8.1/../../../../avr/lib/avr5\libc.a(strtod.o) (__eqsf2)
c:/program files (x86)/atmel/avr tools/avr toolchain/bin/../lib/gcc/avr/4.8.1/../../../../avr/lib/avr5\libc.a(floatsisf.o)
                              c:/program files (x86)/atmel/avr tools/avr toolchain/bin/../lib/gcc/avr/4.8.1/../../../../avr/lib/avr5\libc.a(strtod.o) (__floatunsisf)
c:/program files (x86)/atmel/avr tools/avr toolchain/bin/../lib/gcc/avr/4.8.1/../../../../avr/lib/avr5\libc.a(fp_cmp.o)
                              c:/program files (x86)/atmel/avr tools/avr toolchain/bin/../lib/gcc/avr/4.8.1/../../../../avr/lib/avr5\libc.a(cmpsf2.o) (__fp_cmp)
c:/program files (x86)/atmel/avr tools/avr toolchain/bin/../lib/gcc/avr/4.8.1/../../../../avr/lib/avr5\libc.a(mulsf3.o)
                              c:/program files (x86)/atmel/avr tools/avr toolchain/bin/../lib/gcc/avr/4.8.1/../../../../avr/lib/avr5\libc.a(strtod.o) (__mulsf3)
c:/program files (x86)/atmel/avr tools/avr toolchain/bin/../lib/gcc/avr/4.8.1/../../../../avr/lib/avr5\libc.a(mulsf3x.o)
                              c:/program files (x86)/atmel/avr tools/avr toolchain/bin/../lib/gcc/avr/4.8.1/../../../../avr/lib/avr5\libc.a(mulsf3.o) (__mulsf3x)
c:/program files (x86)/atmel/avr tools/avr toolchain/bin/../lib/gcc/avr/4.8.1/../../../../avr/lib/avr5\libc.a(errno.o)
                              c:/program files (x86)/atmel/avr tools/avr toolchain/bin/../lib/gcc/avr/4.8.1/../../../../avr/lib/avr5\libc.a(strtod.o) (errno)
c:/program files (x86)/atmel/avr tools/avr toolchain/bin/../lib/gcc/avr/4.8.1/../../../../avr/lib/avr5\libc.a(cty_isfalse.o)
                              c:/program files (x86)/atmel/avr tools/avr toolchain/bin/../lib/gcc/avr/4.8.1/../../../../avr/lib/avr5\libc.a(isspace.o) (__ctype_isfalse)
c:/program files (x86)/atmel/avr tools/avr toolchain/bin/../lib/gcc/avr/4.8.1/../../../../avr/lib/avr5\libc.a(fp_inf.o)
                              c:/program files (x86)/atmel/avr tools/avr toolchain/bin/../lib/gcc/avr/4.8.1/../../../../avr/lib/avr5\libc.a(mulsf3x.o) (__fp_inf)
c:/program files (x86)/atmel/avr tools/avr toolchain/bin/../lib/gcc/avr/4.8.1/../../../../avr/lib/avr5\libc.a(fp_nan.o)
                              c:/program files (x86)/atmel/avr tools/avr toolchain/bin/../lib/gcc/avr/4.8.1/../../../../avr/lib/avr5\libc.a(mulsf3x.o) (__fp_nan)
c:/program files (x86)/atmel/avr tools/avr toolchain/bin/../lib/gcc/avr/4.8.1/../../../../avr/lib/avr5\libc.a(fp_pscA.o)
                              c:/program files (x86)/atmel/avr tools/avr toolchain/bin/../lib/gcc/avr/4.8.1/../../../../avr/lib/avr5\libc.a(mulsf3x.o) (__fp_pscA)
c:/program files (x86)/atmel/avr tools/avr toolchain/bin/../lib/gcc/avr/4.8.1/../../../../avr/lib/avr5\libc.a(fp_pscB.o)
                              c:/program files (x86)/atmel/avr tools/avr toolchain/bin/../lib/gcc/avr/4.8.1/../../../../avr/lib/avr5\libc.a(mulsf3x.o) (__fp_pscB)
c:/program files (x86)/atmel/avr tools/avr toolchain/bin/../lib/gcc/avr/4.8.1/../../../../avr/lib/avr5\libc.a(fp_round.o)
                              c:/program files (x86)/atmel/avr tools/avr toolchain/bin/../lib/gcc/avr/4.8.1/../../../../avr/lib/avr5\libc.a(mulsf3.o) (__fp_round)
c:/program files (x86)/atmel/avr tools/avr toolchain/bin/../lib/gcc/avr/4.8.1/../../../../avr/lib/avr5\libc.a(fp_split3.o)
                              c:/program files (x86)/atmel/avr tools/avr toolchain/bin/../lib/gcc/avr/4.8.1/../../../../avr/lib/avr5\libc.a(mulsf3x.o) (__fp_split3)
c:/program files (x86)/atmel/avr tools/avr toolchain/bin/../lib/gcc/avr/4.8.1/../../../../avr/lib/avr5\libc.a(fp_zero.o)
                              c:/program files (x86)/atmel/avr tools/avr toolchain/bin/../lib/gcc/avr/4.8.1/../../../../avr/lib/avr5\libc.a(mulsf3x.o) (__fp_szero)
c:/program files (x86)/atmel/avr tools/avr toolchain/bin/../lib/gcc/avr/4.8.1/avr5\libgcc.a(_muluhisi3.o)
                              c:/program files (x86)/atmel/avr tools/avr toolchain/bin/../lib/gcc/avr/4.8.1/../../../../avr/lib/avr5\libc.a(strtod.o) (__muluhisi3)
c:/program files (x86)/atmel/avr tools/avr toolchain/bin/../lib/gcc/avr/4.8.1/avr5\libgcc.a(_prologue.o)
                              c:/program files (x86)/atmel/avr tools/avr toolchain/bin/../lib/gcc/avr/4.8.1/../../../../avr/lib/avr5\libc.a(strtod.o) (__prologue_saves__)
c:/program files (x86)/atmel/avr tools/avr toolchain/bin/../lib/gcc/avr/4.8.1/avr5\libgcc.a(_epilogue.o)
                              c:/program files (x86)/atmel/avr tools/avr toolchain/bin/../lib/gcc/avr/4.8.1/../../../../avr/lib/avr5\libc.a(strtod.o) (__epilogue_restores__)
c:/program files (x86)/atmel/avr tools/avr toolchain/bin/../lib/gcc/avr/4.8.1/avr5\libgcc.a(_umulhisi3.o)
                              c:/program files (x86)/atmel/avr tools/avr toolchain/bin/../lib/gcc/avr/4.8.1/avr5\libgcc.a(_muluhisi3.o) (__umulhisi3)

Allocating common symbols
Common symbol       size              file

errno               0x2               c:/program files (x86)/atmel/avr tools/avr toolchain/bin/../lib/gcc/avr/4.8.1/../../../../avr/lib/avr5\libc.a(errno.o)
rx0_buffer          0x20              ./Libraries/Source/usart.o
tx0_Tail            0x1               ./Libraries/Source/usart.o
rx0_Tail            0x1               ./Libraries/Source/usart.o
tx0_Head            0x1               ./Libraries/Source/usart.o
rx0_Head            0x1               ./Libraries/Source/usart.o
tx0_buffer          0x20              ./Libraries/Source/usart.o

Memory Configuration

Name             Origin             Length             Attributes
text             0x00000000         0x00020000         xr
data             0x00800060         0x0000ffa0         rw !x
eeprom           0x00810000         0x00010000         rw !x
fuse             0x00820000         0x00000400         rw !x
lock             0x00830000         0x00000400         rw !x
signature        0x00840000         0x00000400         rw !x
user_signatures  0x00850000         0x00000400         rw !x
*default*        0x00000000         0xffffffff

Linker script and memory map

Address of section .data set to 0x800100
LOAD c:/program files (x86)/atmel/avr tools/avr toolchain/bin/../lib/gcc/avr/4.8.1/../../../../avr/lib/avr5/crtm328p.o
LOAD ./SRC/SOURCE/main.o
LOAD ./Libraries/Source/delay.o
LOAD ./Libraries/Source/gpio.o
LOAD ./Libraries/Source/usart.o
START GROUP
LOAD c:/program files (x86)/atmel/avr tools/avr toolchain/bin/../lib/gcc/avr/4.8.1/avr5\libgcc.a
LOAD c:/program files (x86)/atmel/avr tools/avr toolchain/bin/../lib/gcc/avr/4.8.1/../../../../avr/lib/avr5\libm.a
LOAD c:/program files (x86)/atmel/avr tools/avr toolchain/bin/../lib/gcc/avr/4.8.1/../../../../avr/lib/avr5\libc.a
END GROUP

.hash
 *(.hash)

.dynsym
 *(.dynsym)

.dynstr
 *(.dynstr)

.gnu.version
 *(.gnu.version)

.gnu.version_d
 *(.gnu.version_d)

.gnu.version_r
 *(.gnu.version_r)

.rel.init
 *(.rel.init)

.rela.init
 *(.rela.init)

.rel.text
 *(.rel.text)
 *(.rel.text.*)
 *(.rel.gnu.linkonce.t*)

.rela.text
 *(.rela.text)
 *(.rela.text.*)
 *(.rela.gnu.linkonce.t*)

.rel.fini
 *(.rel.fini)

.rela.fini
 *(.rela.fini)

.rel.rodata
 *(.rel.rodata)
 *(.rel.rodata.*)
 *(.rel.gnu.linkonce.r*)

.rela.rodata
 *(.rela.rodata)
 *(.rela.rodata.*)
 *(.rela.gnu.linkonce.r*)

.rel.data
 *(.rel.data)
 *(.rel.data.*)
 *(.rel.gnu.linkonce.d*)

.rela.data
 *(.rela.data)
 *(.rela.data.*)
 *(.rela.gnu.linkonce.d*)

.rel.ctors
 *(.rel.ctors)

.rela.ctors
 *(.rela.ctors)

.rel.dtors
 *(.rel.dtors)

.rela.dtors
 *(.rela.dtors)

.rel.got
 *(.rel.got)

.rela.got
 *(.rela.got)

.rel.bss
 *(.rel.bss)

.rela.bss
 *(.rela.bss)

.rel.plt
 *(.rel.plt)

.rela.plt
 *(.rela.plt)

.text           0x00000000     0x18a8
 *(.vectors)
 .vectors       0x00000000       0x68 c:/program files (x86)/atmel/avr tools/avr toolchain/bin/../lib/gcc/avr/4.8.1/../../../../avr/lib/avr5/crtm328p.o
                0x00000000                __vector_default
                0x00000000                __vectors
 *(.vectors)
 *(.progmem.gcc*)
                0x00000068                . = ALIGN (0x2)
                0x00000068                __trampolines_start = .
 *(.trampolines)
 .trampolines   0x00000068        0x0 linker stubs
 *(.trampolines*)
                0x00000068                __trampolines_end = .
 *(.progmem*)
 .progmem.data  0x00000068       0x3b c:/program files (x86)/atmel/avr tools/avr toolchain/bin/../lib/gcc/avr/4.8.1/../../../../avr/lib/avr5\libc.a(strtod.o)
 .progmem.data  0x000000a3       0xfa c:/program files (x86)/atmel/avr tools/avr toolchain/bin/../lib/gcc/avr/4.8.1/../../../../avr/lib/avr5\libc.a(ftoa_engine.o)
                0x0000019e                . = ALIGN (0x2)
 *fill*         0x0000019d        0x1 
 *(.jumptables)
 *(.jumptables*)
 *(.lowtext)
 *(.lowtext*)
                0x0000019e                __ctors_start = .
 *(.ctors)
                0x0000019e                __ctors_end = .
                0x0000019e                __dtors_start = .
 *(.dtors)
                0x0000019e                __dtors_end = .
 SORT(*)(.ctors)
 SORT(*)(.dtors)
 *(.init0)
 .init0         0x0000019e        0x0 c:/program files (x86)/atmel/avr tools/avr toolchain/bin/../lib/gcc/avr/4.8.1/../../../../avr/lib/avr5/crtm328p.o
                0x0000019e                __init
 *(.init0)
 *(.init1)
 *(.init1)
 *(.init2)
 .init2         0x0000019e        0xc c:/program files (x86)/atmel/avr tools/avr toolchain/bin/../lib/gcc/avr/4.8.1/../../../../avr/lib/avr5/crtm328p.o
 *(.init2)
 *(.init3)
 *(.init3)
 *(.init4)
 .init4         0x000001aa       0x16 c:/program files (x86)/atmel/avr tools/avr toolchain/bin/../lib/gcc/avr/4.8.1/avr5\libgcc.a(_copy_data.o)
                0x000001aa                __do_copy_data
 .init4         0x000001c0       0x10 c:/program files (x86)/atmel/avr tools/avr toolchain/bin/../lib/gcc/avr/4.8.1/avr5\libgcc.a(_clear_bss.o)
                0x000001c0                __do_clear_bss
 *(.init4)
 *(.init5)
 *(.init5)
 *(.init6)
 *(.init6)
 *(.init7)
 *(.init7)
 *(.init8)
 *(.init8)
 *(.init9)
 .init9         0x000001d0        0x8 c:/program files (x86)/atmel/avr tools/avr toolchain/bin/../lib/gcc/avr/4.8.1/../../../../avr/lib/avr5/crtm328p.o
 *(.init9)
 *(.text)
 .text          0x000001d8        0x4 c:/program files (x86)/atmel/avr tools/avr toolchain/bin/../lib/gcc/avr/4.8.1/../../../../avr/lib/avr5/crtm328p.o
                0x000001d8                __vector_22
                0x000001d8                __vector_1
                0x000001d8                __vector_24
                0x000001d8                __vector_12
                0x000001d8                __bad_interrupt
                0x000001d8                __vector_6
                0x000001d8                __vector_3
                0x000001d8                __vector_23
                0x000001d8                __vector_25
                0x000001d8                __vector_11
                0x000001d8                __vector_13
                0x000001d8                __vector_17
                0x000001d8                __vector_7
                0x000001d8                __vector_5
                0x000001d8                __vector_4
                0x000001d8                __vector_9
                0x000001d8                __vector_2
                0x000001d8                __vector_21
                0x000001d8                __vector_15
                0x000001d8                __vector_8
                0x000001d8                __vector_14
                0x000001d8                __vector_10
                0x000001d8                __vector_16
                0x000001d8                __vector_20
 .text          0x000001dc        0x0 ./SRC/SOURCE/main.o
 .text          0x000001dc        0x0 ./Libraries/Source/delay.o
 .text          0x000001dc        0x0 ./Libraries/Source/gpio.o
 .text          0x000001dc        0x0 ./Libraries/Source/usart.o
 .text          0x000001dc        0x0 c:/program files (x86)/atmel/avr tools/avr toolchain/bin/../lib/gcc/avr/4.8.1/avr5\libgcc.a(_exit.o)
 .text          0x000001dc        0x0 c:/program files (x86)/atmel/avr tools/avr toolchain/bin/../lib/gcc/avr/4.8.1/avr5\libgcc.a(_copy_data.o)
 .text          0x000001dc        0x0 c:/program files (x86)/atmel/avr tools/avr toolchain/bin/../lib/gcc/avr/4.8.1/avr5\libgcc.a(_clear_bss.o)
 .text          0x000001dc        0x0 c:/program files (x86)/atmel/avr tools/avr toolchain/bin/../lib/gcc/avr/4.8.1/../../../../avr/lib/avr5\libc.a(dtostrf.o)
 .text          0x000001dc        0x0 c:/program files (x86)/atmel/avr tools/avr toolchain/bin/../lib/gcc/avr/4.8.1/../../../../avr/lib/avr5\libc.a(atof.o)
 .text          0x000001dc        0x0 c:/program files (x86)/atmel/avr tools/avr toolchain/bin/../lib/gcc/avr/4.8.1/../../../../avr/lib/avr5\libc.a(atoi.o)
 .text          0x000001dc        0x0 c:/program files (x86)/atmel/avr tools/avr toolchain/bin/../lib/gcc/avr/4.8.1/../../../../avr/lib/avr5\libc.a(atol.o)
 .text          0x000001dc        0x0 c:/program files (x86)/atmel/avr tools/avr toolchain/bin/../lib/gcc/avr/4.8.1/../../../../avr/lib/avr5\libc.a(itoa.o)
 .text          0x000001dc        0x0 c:/program files (x86)/atmel/avr tools/avr toolchain/bin/../lib/gcc/avr/4.8.1/../../../../avr/lib/avr5\libc.a(itoa_ncheck.o)
 .text          0x000001dc        0x0 c:/program files (x86)/atmel/avr tools/avr toolchain/bin/../lib/gcc/avr/4.8.1/../../../../avr/lib/avr5\libc.a(ltoa.o)
 .text          0x000001dc        0x0 c:/program files (x86)/atmel/avr tools/avr toolchain/bin/../lib/gcc/avr/4.8.1/../../../../avr/lib/avr5\libc.a(ltoa_ncheck.o)
 .text          0x000001dc        0x0 c:/program files (x86)/atmel/avr tools/avr toolchain/bin/../lib/gcc/avr/4.8.1/../../../../avr/lib/avr5\libc.a(mulsi10.o)
 .text          0x000001dc        0x0 c:/program files (x86)/atmel/avr tools/avr toolchain/bin/../lib/gcc/avr/4.8.1/../../../../avr/lib/avr5\libc.a(mul10.o)
 .text          0x000001dc        0x0 c:/program files (x86)/atmel/avr tools/avr toolchain/bin/../lib/gcc/avr/4.8.1/../../../../avr/lib/avr5\libc.a(ultoa.o)
 .text          0x000001dc        0x0 c:/program files (x86)/atmel/avr tools/avr toolchain/bin/../lib/gcc/avr/4.8.1/../../../../avr/lib/avr5\libc.a(ultoa_ncheck.o)
 .text          0x000001dc        0x0 c:/program files (x86)/atmel/avr tools/avr toolchain/bin/../lib/gcc/avr/4.8.1/../../../../avr/lib/avr5\libc.a(utoa.o)
 .text          0x000001dc        0x0 c:/program files (x86)/atmel/avr tools/avr toolchain/bin/../lib/gcc/avr/4.8.1/../../../../avr/lib/avr5\libc.a(utoa_ncheck.o)
 .text          0x000001dc        0x0 c:/program files (x86)/atmel/avr tools/avr toolchain/bin/../lib/gcc/avr/4.8.1/../../../../avr/lib/avr5\libc.a(dtoa_prf.o)
 .text          0x000001dc        0x0 c:/program files (x86)/atmel/avr tools/avr toolchain/bin/../lib/gcc/avr/4.8.1/../../../../avr/lib/avr5\libc.a(strtod.o)
 .text          0x000001dc        0x0 c:/program files (x86)/atmel/avr tools/avr toolchain/bin/../lib/gcc/avr/4.8.1/../../../../avr/lib/avr5\libc.a(ftoa_engine.o)
 .text          0x000001dc        0x0 c:/program files (x86)/atmel/avr tools/avr toolchain/bin/../lib/gcc/avr/4.8.1/../../../../avr/lib/avr5\libc.a(isspace.o)
 .text          0x000001dc        0x0 c:/program files (x86)/atmel/avr tools/avr toolchain/bin/../lib/gcc/avr/4.8.1/../../../../avr/lib/avr5\libc.a(strncasecmp_P.o)
 .text          0x000001dc        0x0 c:/program files (x86)/atmel/avr tools/avr toolchain/bin/../lib/gcc/avr/4.8.1/../../../../avr/lib/avr5\libc.a(strrev.o)
 .text          0x000001dc        0x0 c:/program files (x86)/atmel/avr tools/avr toolchain/bin/../lib/gcc/avr/4.8.1/../../../../avr/lib/avr5\libc.a(cmpsf2.o)
 .text          0x000001dc        0x0 c:/program files (x86)/atmel/avr tools/avr toolchain/bin/../lib/gcc/avr/4.8.1/../../../../avr/lib/avr5\libc.a(floatsisf.o)
 .text          0x000001dc        0x0 c:/program files (x86)/atmel/avr tools/avr toolchain/bin/../lib/gcc/avr/4.8.1/../../../../avr/lib/avr5\libc.a(fp_cmp.o)
 .text          0x000001dc        0x0 c:/program files (x86)/atmel/avr tools/avr toolchain/bin/../lib/gcc/avr/4.8.1/../../../../avr/lib/avr5\libc.a(mulsf3.o)
 .text          0x000001dc        0x0 c:/program files (x86)/atmel/avr tools/avr toolchain/bin/../lib/gcc/avr/4.8.1/../../../../avr/lib/avr5\libc.a(mulsf3x.o)
 .text          0x000001dc        0x0 c:/program files (x86)/atmel/avr tools/avr toolchain/bin/../lib/gcc/avr/4.8.1/../../../../avr/lib/avr5\libc.a(errno.o)
 .text          0x000001dc        0x0 c:/program files (x86)/atmel/avr tools/avr toolchain/bin/../lib/gcc/avr/4.8.1/../../../../avr/lib/avr5\libc.a(cty_isfalse.o)
 .text          0x000001dc        0x0 c:/program files (x86)/atmel/avr tools/avr toolchain/bin/../lib/gcc/avr/4.8.1/../../../../avr/lib/avr5\libc.a(fp_inf.o)
 .text          0x000001dc        0x0 c:/program files (x86)/atmel/avr tools/avr toolchain/bin/../lib/gcc/avr/4.8.1/../../../../avr/lib/avr5\libc.a(fp_nan.o)
 .text          0x000001dc        0x0 c:/program files (x86)/atmel/avr tools/avr toolchain/bin/../lib/gcc/avr/4.8.1/../../../../avr/lib/avr5\libc.a(fp_pscA.o)
 .text          0x000001dc        0x0 c:/program files (x86)/atmel/avr tools/avr toolchain/bin/../lib/gcc/avr/4.8.1/../../../../avr/lib/avr5\libc.a(fp_pscB.o)
 .text          0x000001dc        0x0 c:/program files (x86)/atmel/avr tools/avr toolchain/bin/../lib/gcc/avr/4.8.1/../../../../avr/lib/avr5\libc.a(fp_round.o)
 .text          0x000001dc        0x0 c:/program files (x86)/atmel/avr tools/avr toolchain/bin/../lib/gcc/avr/4.8.1/../../../../avr/lib/avr5\libc.a(fp_split3.o)
 .text          0x000001dc        0x0 c:/program files (x86)/atmel/avr tools/avr toolchain/bin/../lib/gcc/avr/4.8.1/../../../../avr/lib/avr5\libc.a(fp_zero.o)
 .text          0x000001dc        0x0 c:/program files (x86)/atmel/avr tools/avr toolchain/bin/../lib/gcc/avr/4.8.1/avr5\libgcc.a(_muluhisi3.o)
 .text          0x000001dc        0x0 c:/program files (x86)/atmel/avr tools/avr toolchain/bin/../lib/gcc/avr/4.8.1/avr5\libgcc.a(_prologue.o)
 .text          0x000001dc        0x0 c:/program files (x86)/atmel/avr tools/avr toolchain/bin/../lib/gcc/avr/4.8.1/avr5\libgcc.a(_epilogue.o)
 .text          0x000001dc        0x0 c:/program files (x86)/atmel/avr tools/avr toolchain/bin/../lib/gcc/avr/4.8.1/avr5\libgcc.a(_umulhisi3.o)
                0x000001dc                . = ALIGN (0x2)
 *(.text.*)
 .text.startup.main
                0x000001dc      0x332 ./SRC/SOURCE/main.o
                0x000001dc                main
 .text.DELAY_us
                0x0000050e       0x12 ./Libraries/Source/delay.o
                0x0000050e                DELAY_us
 .text.DELAY_ms
                0x00000520       0x16 ./Libraries/Source/delay.o
                0x00000520                DELAY_ms
 .text.GPIO_PinDirection
                0x00000536       0x7c ./Libraries/Source/gpio.o
                0x00000536                GPIO_PinDirection
 .text.GPIO_PinWrite
                0x000005b2       0x7c ./Libraries/Source/gpio.o
                0x000005b2                GPIO_PinWrite
 .text.GPIO_PinRead
                0x0000062e       0x34 ./Libraries/Source/gpio.o
                0x0000062e                GPIO_PinRead
 .text.uart0_reinit
                0x00000662       0x14 ./Libraries/Source/usart.o
                0x00000662                uart0_reinit
 .text.uart0_putc
                0x00000676       0x2c ./Libraries/Source/usart.o
                0x00000676                uart0_putc
                0x00000676                uart0_putc_
 .text.uart_putchar
                0x000006a2       0x1c ./Libraries/Source/usart.o
                0x000006a2                uart_putchar
 .text.uart0_putc_noblock
                0x000006be       0x36 ./Libraries/Source/usart.o
                0x000006be                uart0_putc_noblock
 .text.uart0_putstr
                0x000006f4        0xe ./Libraries/Source/usart.o
                0x000006f4                uart0_putstr
 .text.uart0_putstrl
                0x00000702       0x10 ./Libraries/Source/usart.o
                0x00000702                uart0_putstrl
 .text.uart0_puts_p
                0x00000712        0xe ./Libraries/Source/usart.o
                0x00000712                uart0_puts_p
 .text.uart0_putint
                0x00000720       0x3a ./Libraries/Source/usart.o
                0x00000720                uart0_putint
 .text.uart0_putintr
                0x0000075a       0x3c ./Libraries/Source/usart.o
                0x0000075a                uart0_putintr
 .text.uart0_putuint
                0x00000796       0x3a ./Libraries/Source/usart.o
                0x00000796                uart0_putuint
 .text.uart0_putuintr
                0x000007d0       0x3c ./Libraries/Source/usart.o
                0x000007d0                uart0_putuintr
 .text.uart0_puthex
                0x0000080c       0x30 ./Libraries/Source/usart.o
                0x0000080c                uart0_puthex
 .text.uart0_putlong
                0x0000083c       0x3a ./Libraries/Source/usart.o
                0x0000083c                uart0_putlong
 .text.uart0_putlongr
                0x00000876       0x3c ./Libraries/Source/usart.o
                0x00000876                uart0_putlongr
 .text.uart0_putulong
                0x000008b2       0x3a ./Libraries/Source/usart.o
                0x000008b2                uart0_putulong
 .text.uart0_putulongr
                0x000008ec       0x3c ./Libraries/Source/usart.o
                0x000008ec                uart0_putulongr
 .text.uart0_putfloat
                0x00000928       0x50 ./Libraries/Source/usart.o
                0x00000928                uart0_putfloat
 .text.uart0_fputfloat
                0x00000978       0x50 ./Libraries/Source/usart.o
                0x00000978                uart0_fputfloat
 .text.uart0_flush
                0x000009c8        0xe ./Libraries/Source/usart.o
                0x000009c8                uart0_flush
 .text.uart0_getc
                0x000009d6       0x24 ./Libraries/Source/usart.o
                0x000009d6                uart0_getc
 .text.uart0_gets
                0x000009fa       0x12 ./Libraries/Source/usart.o
                0x000009fa                uart0_gets
 .text.uart0_getln
                0x00000a0c       0x1e ./Libraries/Source/usart.o
                0x00000a0c                uart0_getln
 .text.uart0_getlnToFirstWhiteSpace
                0x00000a2a       0x2c ./Libraries/Source/usart.o
                0x00000a2a                uart0_getlnToFirstWhiteSpace
 .text.uart0_getint
                0x00000a56       0x38 ./Libraries/Source/usart.o
                0x00000a56                uart0_getint
 .text.uart0_getlong
                0x00000a8e       0x38 ./Libraries/Source/usart.o
                0x00000a8e                uart0_getlong
 .text.uart0_getfloat
                0x00000ac6       0x38 ./Libraries/Source/usart.o
                0x00000ac6                uart0_getfloat
 .text.uart0_getData
                0x00000afe       0x28 ./Libraries/Source/usart.o
                0x00000afe                uart0_getData
 .text.uart_getchar
                0x00000b26       0x10 ./Libraries/Source/usart.o
                0x00000b26                uart_getchar
 .text.uart0_LoadData
                0x00000b36       0x2a ./Libraries/Source/usart.o
                0x00000b36                uart0_LoadData
 .text.uart0_peek
                0x00000b60       0x14 ./Libraries/Source/usart.o
                0x00000b60                uart0_peek
 .text.__vector_19
                0x00000b74       0x3c ./Libraries/Source/usart.o
                0x00000b74                __vector_19
 .text.__vector_18
                0x00000bb0       0x36 ./Libraries/Source/usart.o
                0x00000bb0                __vector_18
 .text.libgcc.mul
                0x00000be6        0x0 c:/program files (x86)/atmel/avr tools/avr toolchain/bin/../lib/gcc/avr/4.8.1/avr5\libgcc.a(_exit.o)
 .text.libgcc.div
                0x00000be6        0x0 c:/program files (x86)/atmel/avr tools/avr toolchain/bin/../lib/gcc/avr/4.8.1/avr5\libgcc.a(_exit.o)
 .text.libgcc   0x00000be6        0x0 c:/program files (x86)/atmel/avr tools/avr toolchain/bin/../lib/gcc/avr/4.8.1/avr5\libgcc.a(_exit.o)
 .text.libgcc.prologue
                0x00000be6        0x0 c:/program files (x86)/atmel/avr tools/avr toolchain/bin/../lib/gcc/avr/4.8.1/avr5\libgcc.a(_exit.o)
 .text.libgcc.builtins
                0x00000be6        0x0 c:/program files (x86)/atmel/avr tools/avr toolchain/bin/../lib/gcc/avr/4.8.1/avr5\libgcc.a(_exit.o)
 .text.libgcc.fmul
                0x00000be6        0x0 c:/program files (x86)/atmel/avr tools/avr toolchain/bin/../lib/gcc/avr/4.8.1/avr5\libgcc.a(_exit.o)
 .text.libgcc.fixed
                0x00000be6        0x0 c:/program files (x86)/atmel/avr tools/avr toolchain/bin/../lib/gcc/avr/4.8.1/avr5\libgcc.a(_exit.o)
 .text.libgcc.mul
                0x00000be6        0x0 c:/program files (x86)/atmel/avr tools/avr toolchain/bin/../lib/gcc/avr/4.8.1/avr5\libgcc.a(_copy_data.o)
 .text.libgcc.div
                0x00000be6        0x0 c:/program files (x86)/atmel/avr tools/avr toolchain/bin/../lib/gcc/avr/4.8.1/avr5\libgcc.a(_copy_data.o)
 .text.libgcc   0x00000be6        0x0 c:/program files (x86)/atmel/avr tools/avr toolchain/bin/../lib/gcc/avr/4.8.1/avr5\libgcc.a(_copy_data.o)
 .text.libgcc.prologue
                0x00000be6        0x0 c:/program files (x86)/atmel/avr tools/avr toolchain/bin/../lib/gcc/avr/4.8.1/avr5\libgcc.a(_copy_data.o)
 .text.libgcc.builtins
                0x00000be6        0x0 c:/program files (x86)/atmel/avr tools/avr toolchain/bin/../lib/gcc/avr/4.8.1/avr5\libgcc.a(_copy_data.o)
 .text.libgcc.fmul
                0x00000be6        0x0 c:/program files (x86)/atmel/avr tools/avr toolchain/bin/../lib/gcc/avr/4.8.1/avr5\libgcc.a(_copy_data.o)
 .text.libgcc.fixed
                0x00000be6        0x0 c:/program files (x86)/atmel/avr tools/avr toolchain/bin/../lib/gcc/avr/4.8.1/avr5\libgcc.a(_copy_data.o)
 .text.libgcc.mul
                0x00000be6        0x0 c:/program files (x86)/atmel/avr tools/avr toolchain/bin/../lib/gcc/avr/4.8.1/avr5\libgcc.a(_clear_bss.o)
 .text.libgcc.div
                0x00000be6        0x0 c:/program files (x86)/atmel/avr tools/avr toolchain/bin/../lib/gcc/avr/4.8.1/avr5\libgcc.a(_clear_bss.o)
 .text.libgcc   0x00000be6        0x0 c:/program files (x86)/atmel/avr tools/avr toolchain/bin/../lib/gcc/avr/4.8.1/avr5\libgcc.a(_clear_bss.o)
 .text.libgcc.prologue
                0x00000be6        0x0 c:/program files (x86)/atmel/avr tools/avr toolchain/bin/../lib/gcc/avr/4.8.1/avr5\libgcc.a(_clear_bss.o)
 .text.libgcc.builtins
                0x00000be6        0x0 c:/program files (x86)/atmel/avr tools/avr toolchain/bin/../lib/gcc/avr/4.8.1/avr5\libgcc.a(_clear_bss.o)
 .text.libgcc.fmul
                0x00000be6        0x0 c:/program files (x86)/atmel/avr tools/avr toolchain/bin/../lib/gcc/avr/4.8.1/avr5\libgcc.a(_clear_bss.o)
 .text.libgcc.fixed
                0x00000be6        0x0 c:/program files (x86)/atmel/avr tools/avr toolchain/bin/../lib/gcc/avr/4.8.1/avr5\libgcc.a(_clear_bss.o)
 .text.avr-libc
                0x00000be6       0x42 c:/program files (x86)/atmel/avr tools/avr toolchain/bin/../lib/gcc/avr/4.8.1/../../../../avr/lib/avr5\libc.a(dtostrf.o)
                0x00000be6                dtostrf
 .text.avr-libc
                0x00000c28        0x8 c:/program files (x86)/atmel/avr tools/avr toolchain/bin/../lib/gcc/avr/4.8.1/../../../../avr/lib/avr5\libc.a(atof.o)
                0x00000c28                atof
 .text.avr-libc
                0x00000c30       0x3c c:/program files (x86)/atmel/avr tools/avr toolchain/bin/../lib/gcc/avr/4.8.1/../../../../avr/lib/avr5\libc.a(atoi.o)
                0x00000c30                atoi
 .text.avr-libc
                0x00000c6c       0x4e c:/program files (x86)/atmel/avr tools/avr toolchain/bin/../lib/gcc/avr/4.8.1/../../../../avr/lib/avr5\libc.a(atol.o)
                0x00000c6c                atol
 .text.avr-libc
                0x00000cba       0x16 c:/program files (x86)/atmel/avr tools/avr toolchain/bin/../lib/gcc/avr/4.8.1/../../../../avr/lib/avr5\libc.a(itoa.o)
                0x00000cba                __itoa
                0x00000cba                itoa
 .text.avr-libc
                0x00000cd0       0x16 c:/program files (x86)/atmel/avr tools/avr toolchain/bin/../lib/gcc/avr/4.8.1/../../../../avr/lib/avr5\libc.a(itoa_ncheck.o)
                0x00000cd0                __itoa_ncheck
 .text.avr-libc
                0x00000ce6       0x16 c:/program files (x86)/atmel/avr tools/avr toolchain/bin/../lib/gcc/avr/4.8.1/../../../../avr/lib/avr5\libc.a(ltoa.o)
                0x00000ce6                ltoa
                0x00000ce6                __ltoa
 .text.avr-libc
                0x00000cfc       0x1e c:/program files (x86)/atmel/avr tools/avr toolchain/bin/../lib/gcc/avr/4.8.1/../../../../avr/lib/avr5\libc.a(ltoa_ncheck.o)
                0x00000cfc                __ltoa_ncheck
 .text.avr-libc
                0x00000d1a       0x2a c:/program files (x86)/atmel/avr tools/avr toolchain/bin/../lib/gcc/avr/4.8.1/../../../../avr/lib/avr5\libc.a(mulsi10.o)
                0x00000d1a                __mulsi_const_10
 .text.avr-libc
                0x00000d44       0x10 c:/program files (x86)/atmel/avr tools/avr toolchain/bin/../lib/gcc/avr/4.8.1/../../../../avr/lib/avr5\libc.a(mul10.o)
                0x00000d44                __mulhi_const_10
 .text.avr-libc
                0x00000d54       0x16 c:/program files (x86)/atmel/avr tools/avr toolchain/bin/../lib/gcc/avr/4.8.1/../../../../avr/lib/avr5\libc.a(ultoa.o)
                0x00000d54                ultoa
                0x00000d54                __ultoa
 .text.avr-libc
                0x00000d6a       0x44 c:/program files (x86)/atmel/avr tools/avr toolchain/bin/../lib/gcc/avr/4.8.1/../../../../avr/lib/avr5\libc.a(ultoa_ncheck.o)
                0x00000d6a                __ultoa_ncheck
                0x00000d6c                __ultoa_common
 .text.avr-libc
                0x00000dae       0x16 c:/program files (x86)/atmel/avr tools/avr toolchain/bin/../lib/gcc/avr/4.8.1/../../../../avr/lib/avr5\libc.a(utoa.o)
                0x00000dae                __utoa
                0x00000dae                utoa
 .text.avr-libc
                0x00000dc4       0x34 c:/program files (x86)/atmel/avr tools/avr toolchain/bin/../lib/gcc/avr/4.8.1/../../../../avr/lib/avr5\libc.a(utoa_ncheck.o)
                0x00000dc4                __utoa_ncheck
                0x00000dc6                __utoa_common
 .text.avr-libc
                0x00000df8      0x2fc c:/program files (x86)/atmel/avr tools/avr toolchain/bin/../lib/gcc/avr/4.8.1/../../../../avr/lib/avr5\libc.a(dtoa_prf.o)
                0x00000df8                dtoa_prf
 .text.avr-libc
                0x000010f4      0x2c6 c:/program files (x86)/atmel/avr tools/avr toolchain/bin/../lib/gcc/avr/4.8.1/../../../../avr/lib/avr5\libc.a(strtod.o)
                0x000010f4                strtod
 .text.avr-libc
                0x000013ba      0x1b0 c:/program files (x86)/atmel/avr tools/avr toolchain/bin/../lib/gcc/avr/4.8.1/../../../../avr/lib/avr5\libc.a(ftoa_engine.o)
                0x000013ba                __ftoa_engine
 .text.avr-libc
                0x0000156a       0x10 c:/program files (x86)/atmel/avr tools/avr toolchain/bin/../lib/gcc/avr/4.8.1/../../../../avr/lib/avr5\libc.a(isspace.o)
                0x0000156a                isspace
 .text.avr-libc
                0x0000157a       0x30 c:/program files (x86)/atmel/avr tools/avr toolchain/bin/../lib/gcc/avr/4.8.1/../../../../avr/lib/avr5\libc.a(strncasecmp_P.o)
                0x0000157a                strncasecmp_P
 .text.avr-libc
                0x000015aa       0x20 c:/program files (x86)/atmel/avr tools/avr toolchain/bin/../lib/gcc/avr/4.8.1/../../../../avr/lib/avr5\libc.a(strrev.o)
                0x000015aa                strrev
 .text.avr-libc.fplib
                0x000015ca        0x8 c:/program files (x86)/atmel/avr tools/avr toolchain/bin/../lib/gcc/avr/4.8.1/../../../../avr/lib/avr5\libc.a(cmpsf2.o)
                0x000015ca                __nesf2
                0x000015ca                __eqsf2
                0x000015ca                __cmpsf2
                0x000015ca                __ltsf2
                0x000015ca                __lesf2
 .text.avr-libc.fplib
                0x000015d2       0x7a c:/program files (x86)/atmel/avr tools/avr toolchain/bin/../lib/gcc/avr/4.8.1/../../../../avr/lib/avr5\libc.a(floatsisf.o)
                0x000015d2                __floatunsisf
                0x000015d6                __floatsisf
 .text.avr-libc.fplib
                0x0000164c       0x48 c:/program files (x86)/atmel/avr tools/avr toolchain/bin/../lib/gcc/avr/4.8.1/../../../../avr/lib/avr5\libc.a(fp_cmp.o)
                0x0000164c                __fp_cmp
 .text.avr-libc.fplib
                0x00001694        0x4 c:/program files (x86)/atmel/avr tools/avr toolchain/bin/../lib/gcc/avr/4.8.1/../../../../avr/lib/avr5\libc.a(mulsf3.o)
                0x00001694                __mulsf3
 .text.avr-libc.fplib
                0x00001698       0xc2 c:/program files (x86)/atmel/avr tools/avr toolchain/bin/../lib/gcc/avr/4.8.1/../../../../avr/lib/avr5\libc.a(mulsf3x.o)
                0x000016ac                __mulsf3x
                0x000016b0                __mulsf3_pse
 .text.avr-libc
                0x0000175a        0x6 c:/program files (x86)/atmel/avr tools/avr toolchain/bin/../lib/gcc/avr/4.8.1/../../../../avr/lib/avr5\libc.a(cty_isfalse.o)
                0x0000175a                __ctype_isfalse
                0x0000175e                __ctype_istrue
 .text.avr-libc.fplib
                0x00001760        0xc c:/program files (x86)/atmel/avr tools/avr toolchain/bin/../lib/gcc/avr/4.8.1/../../../../avr/lib/avr5\libc.a(fp_inf.o)
                0x00001760                __fp_inf
 .text.avr-libc.fplib
                0x0000176c        0x6 c:/program files (x86)/atmel/avr tools/avr toolchain/bin/../lib/gcc/avr/4.8.1/../../../../avr/lib/avr5\libc.a(fp_nan.o)
                0x0000176c                __fp_nan
 .text.avr-libc.fplib
                0x00001772        0xe c:/program files (x86)/atmel/avr tools/avr toolchain/bin/../lib/gcc/avr/4.8.1/../../../../avr/lib/avr5\libc.a(fp_pscA.o)
                0x00001772                __fp_pscA
 .text.avr-libc.fplib
                0x00001780        0xe c:/program files (x86)/atmel/avr tools/avr toolchain/bin/../lib/gcc/avr/4.8.1/../../../../avr/lib/avr5\libc.a(fp_pscB.o)
                0x00001780                __fp_pscB
 .text.avr-libc.fplib
                0x0000178e       0x22 c:/program files (x86)/atmel/avr tools/avr toolchain/bin/../lib/gcc/avr/4.8.1/../../../../avr/lib/avr5\libc.a(fp_round.o)
                0x0000178e                __fp_round
 .text.avr-libc.fplib
                0x000017b0       0x44 c:/program files (x86)/atmel/avr tools/avr toolchain/bin/../lib/gcc/avr/4.8.1/../../../../avr/lib/avr5\libc.a(fp_split3.o)
                0x000017b0                __fp_split3
                0x000017c0                __fp_splitA
 .text.avr-libc.fplib
                0x000017f4        0xe c:/program files (x86)/atmel/avr tools/avr toolchain/bin/../lib/gcc/avr/4.8.1/../../../../avr/lib/avr5\libc.a(fp_zero.o)
                0x000017f4                __fp_zero
                0x000017f6                __fp_szero
 .text.libgcc.mul
                0x00001802       0x16 c:/program files (x86)/atmel/avr tools/avr toolchain/bin/../lib/gcc/avr/4.8.1/avr5\libgcc.a(_muluhisi3.o)
                0x00001802                __muluhisi3
 .text.libgcc.div
                0x00001818        0x0 c:/program files (x86)/atmel/avr tools/avr toolchain/bin/../lib/gcc/avr/4.8.1/avr5\libgcc.a(_muluhisi3.o)
 .text.libgcc   0x00001818        0x0 c:/program files (x86)/atmel/avr tools/avr toolchain/bin/../lib/gcc/avr/4.8.1/avr5\libgcc.a(_muluhisi3.o)
 .text.libgcc.prologue
                0x00001818        0x0 c:/program files (x86)/atmel/avr tools/avr toolchain/bin/../lib/gcc/avr/4.8.1/avr5\libgcc.a(_muluhisi3.o)
 .text.libgcc.builtins
                0x00001818        0x0 c:/program files (x86)/atmel/avr tools/avr toolchain/bin/../lib/gcc/avr/4.8.1/avr5\libgcc.a(_muluhisi3.o)
 .text.libgcc.fmul
                0x00001818        0x0 c:/program files (x86)/atmel/avr tools/avr toolchain/bin/../lib/gcc/avr/4.8.1/avr5\libgcc.a(_muluhisi3.o)
 .text.libgcc.fixed
                0x00001818        0x0 c:/program files (x86)/atmel/avr tools/avr toolchain/bin/../lib/gcc/avr/4.8.1/avr5\libgcc.a(_muluhisi3.o)
 .text.libgcc.mul
                0x00001818        0x0 c:/program files (x86)/atmel/avr tools/avr toolchain/bin/../lib/gcc/avr/4.8.1/avr5\libgcc.a(_prologue.o)
 .text.libgcc.div
                0x00001818        0x0 c:/program files (x86)/atmel/avr tools/avr toolchain/bin/../lib/gcc/avr/4.8.1/avr5\libgcc.a(_prologue.o)
 .text.libgcc   0x00001818        0x0 c:/program files (x86)/atmel/avr tools/avr toolchain/bin/../lib/gcc/avr/4.8.1/avr5\libgcc.a(_prologue.o)
 .text.libgcc.prologue
                0x00001818       0x38 c:/program files (x86)/atmel/avr tools/avr toolchain/bin/../lib/gcc/avr/4.8.1/avr5\libgcc.a(_prologue.o)
                0x00001818                __prologue_saves__
 .text.libgcc.builtins
                0x00001850        0x0 c:/program files (x86)/atmel/avr tools/avr toolchain/bin/../lib/gcc/avr/4.8.1/avr5\libgcc.a(_prologue.o)
 .text.libgcc.fmul
                0x00001850        0x0 c:/program files (x86)/atmel/avr tools/avr toolchain/bin/../lib/gcc/avr/4.8.1/avr5\libgcc.a(_prologue.o)
 .text.libgcc.fixed
                0x00001850        0x0 c:/program files (x86)/atmel/avr tools/avr toolchain/bin/../lib/gcc/avr/4.8.1/avr5\libgcc.a(_prologue.o)
 .text.libgcc.mul
                0x00001850        0x0 c:/program files (x86)/atmel/avr tools/avr toolchain/bin/../lib/gcc/avr/4.8.1/avr5\libgcc.a(_epilogue.o)
 .text.libgcc.div
                0x00001850        0x0 c:/program files (x86)/atmel/avr tools/avr toolchain/bin/../lib/gcc/avr/4.8.1/avr5\libgcc.a(_epilogue.o)
 .text.libgcc   0x00001850        0x0 c:/program files (x86)/atmel/avr tools/avr toolchain/bin/../lib/gcc/avr/4.8.1/avr5\libgcc.a(_epilogue.o)
 .text.libgcc.prologue
                0x00001850       0x36 c:/program files (x86)/atmel/avr tools/avr toolchain/bin/../lib/gcc/avr/4.8.1/avr5\libgcc.a(_epilogue.o)
                0x00001850                __epilogue_restores__
 .text.libgcc.builtins
                0x00001886        0x0 c:/program files (x86)/atmel/avr tools/avr toolchain/bin/../lib/gcc/avr/4.8.1/avr5\libgcc.a(_epilogue.o)
 .text.libgcc.fmul
                0x00001886        0x0 c:/program files (x86)/atmel/avr tools/avr toolchain/bin/../lib/gcc/avr/4.8.1/avr5\libgcc.a(_epilogue.o)
 .text.libgcc.fixed
                0x00001886        0x0 c:/program files (x86)/atmel/avr tools/avr toolchain/bin/../lib/gcc/avr/4.8.1/avr5\libgcc.a(_epilogue.o)
 .text.libgcc.mul
                0x00001886       0x1e c:/program files (x86)/atmel/avr tools/avr toolchain/bin/../lib/gcc/avr/4.8.1/avr5\libgcc.a(_umulhisi3.o)
                0x00001886                __umulhisi3
 .text.libgcc.div
                0x000018a4        0x0 c:/program files (x86)/atmel/avr tools/avr toolchain/bin/../lib/gcc/avr/4.8.1/avr5\libgcc.a(_umulhisi3.o)
 .text.libgcc   0x000018a4        0x0 c:/program files (x86)/atmel/avr tools/avr toolchain/bin/../lib/gcc/avr/4.8.1/avr5\libgcc.a(_umulhisi3.o)
 .text.libgcc.prologue
                0x000018a4        0x0 c:/program files (x86)/atmel/avr tools/avr toolchain/bin/../lib/gcc/avr/4.8.1/avr5\libgcc.a(_umulhisi3.o)
 .text.libgcc.builtins
                0x000018a4        0x0 c:/program files (x86)/atmel/avr tools/avr toolchain/bin/../lib/gcc/avr/4.8.1/avr5\libgcc.a(_umulhisi3.o)
 .text.libgcc.fmul
                0x000018a4        0x0 c:/program files (x86)/atmel/avr tools/avr toolchain/bin/../lib/gcc/avr/4.8.1/avr5\libgcc.a(_umulhisi3.o)
 .text.libgcc.fixed
                0x000018a4        0x0 c:/program files (x86)/atmel/avr tools/avr toolchain/bin/../lib/gcc/avr/4.8.1/avr5\libgcc.a(_umulhisi3.o)
                0x000018a4                . = ALIGN (0x2)
 *(.fini9)
 .fini9         0x000018a4        0x0 c:/program files (x86)/atmel/avr tools/avr toolchain/bin/../lib/gcc/avr/4.8.1/avr5\libgcc.a(_exit.o)
                0x000018a4                _exit
                0x000018a4                exit
 *(.fini9)
 *(.fini8)
 *(.fini8)
 *(.fini7)
 *(.fini7)
 *(.fini6)
 *(.fini6)
 *(.fini5)
 *(.fini5)
 *(.fini4)
 *(.fini4)
 *(.fini3)
 *(.fini3)
 *(.fini2)
 *(.fini2)
 *(.fini1)
 *(.fini1)
 *(.fini0)
 .fini0         0x000018a4        0x4 c:/program files (x86)/atmel/avr tools/avr toolchain/bin/../lib/gcc/avr/4.8.1/avr5\libgcc.a(_exit.o)
 *(.fini0)
                0x000018a8                _etext = .

.data           0x00800100       0xaa load address 0x000018a8
                0x00800100                PROVIDE (__data_start, .)
 *(.data)
 .data          0x00800100        0x0 c:/program files (x86)/atmel/avr tools/avr toolchain/bin/../lib/gcc/avr/4.8.1/../../../../avr/lib/avr5/crtm328p.o
 .data          0x00800100        0x0 ./SRC/SOURCE/main.o
 .data          0x00800100        0x0 ./Libraries/Source/delay.o
 .data          0x00800100        0x0 ./Libraries/Source/gpio.o
 .data          0x00800100        0x0 ./Libraries/Source/usart.o
 .data          0x00800100        0x0 c:/program files (x86)/atmel/avr tools/avr toolchain/bin/../lib/gcc/avr/4.8.1/avr5\libgcc.a(_exit.o)
 .data          0x00800100        0x0 c:/program files (x86)/atmel/avr tools/avr toolchain/bin/../lib/gcc/avr/4.8.1/avr5\libgcc.a(_copy_data.o)
 .data          0x00800100        0x0 c:/program files (x86)/atmel/avr tools/avr toolchain/bin/../lib/gcc/avr/4.8.1/avr5\libgcc.a(_clear_bss.o)
 .data          0x00800100        0x0 c:/program files (x86)/atmel/avr tools/avr toolchain/bin/../lib/gcc/avr/4.8.1/../../../../avr/lib/avr5\libc.a(dtostrf.o)
 .data          0x00800100        0x0 c:/program files (x86)/atmel/avr tools/avr toolchain/bin/../lib/gcc/avr/4.8.1/../../../../avr/lib/avr5\libc.a(atof.o)
 .data          0x00800100        0x0 c:/program files (x86)/atmel/avr tools/avr toolchain/bin/../lib/gcc/avr/4.8.1/../../../../avr/lib/avr5\libc.a(atoi.o)
 .data          0x00800100        0x0 c:/program files (x86)/atmel/avr tools/avr toolchain/bin/../lib/gcc/avr/4.8.1/../../../../avr/lib/avr5\libc.a(atol.o)
 .data          0x00800100        0x0 c:/program files (x86)/atmel/avr tools/avr toolchain/bin/../lib/gcc/avr/4.8.1/../../../../avr/lib/avr5\libc.a(itoa.o)
 .data          0x00800100        0x0 c:/program files (x86)/atmel/avr tools/avr toolchain/bin/../lib/gcc/avr/4.8.1/../../../../avr/lib/avr5\libc.a(itoa_ncheck.o)
 .data          0x00800100        0x0 c:/program files (x86)/atmel/avr tools/avr toolchain/bin/../lib/gcc/avr/4.8.1/../../../../avr/lib/avr5\libc.a(ltoa.o)
 .data          0x00800100        0x0 c:/program files (x86)/atmel/avr tools/avr toolchain/bin/../lib/gcc/avr/4.8.1/../../../../avr/lib/avr5\libc.a(ltoa_ncheck.o)
 .data          0x00800100        0x0 c:/program files (x86)/atmel/avr tools/avr toolchain/bin/../lib/gcc/avr/4.8.1/../../../../avr/lib/avr5\libc.a(mulsi10.o)
 .data          0x00800100        0x0 c:/program files (x86)/atmel/avr tools/avr toolchain/bin/../lib/gcc/avr/4.8.1/../../../../avr/lib/avr5\libc.a(mul10.o)
 .data          0x00800100        0x0 c:/program files (x86)/atmel/avr tools/avr toolchain/bin/../lib/gcc/avr/4.8.1/../../../../avr/lib/avr5\libc.a(ultoa.o)
 .data          0x00800100        0x0 c:/program files (x86)/atmel/avr tools/avr toolchain/bin/../lib/gcc/avr/4.8.1/../../../../avr/lib/avr5\libc.a(ultoa_ncheck.o)
 .data          0x00800100        0x0 c:/program files (x86)/atmel/avr tools/avr toolchain/bin/../lib/gcc/avr/4.8.1/../../../../avr/lib/avr5\libc.a(utoa.o)
 .data          0x00800100        0x0 c:/program files (x86)/atmel/avr tools/avr toolchain/bin/../lib/gcc/avr/4.8.1/../../../../avr/lib/avr5\libc.a(utoa_ncheck.o)
 .data          0x00800100        0x0 c:/program files (x86)/atmel/avr tools/avr toolchain/bin/../lib/gcc/avr/4.8.1/../../../../avr/lib/avr5\libc.a(dtoa_prf.o)
 .data          0x00800100        0x0 c:/program files (x86)/atmel/avr tools/avr toolchain/bin/../lib/gcc/avr/4.8.1/../../../../avr/lib/avr5\libc.a(strtod.o)
 .data          0x00800100        0x0 c:/program files (x86)/atmel/avr tools/avr toolchain/bin/../lib/gcc/avr/4.8.1/../../../../avr/lib/avr5\libc.a(ftoa_engine.o)
 .data          0x00800100        0x0 c:/program files (x86)/atmel/avr tools/avr toolchain/bin/../lib/gcc/avr/4.8.1/../../../../avr/lib/avr5\libc.a(isspace.o)
 .data          0x00800100        0x0 c:/program files (x86)/atmel/avr tools/avr toolchain/bin/../lib/gcc/avr/4.8.1/../../../../avr/lib/avr5\libc.a(strncasecmp_P.o)
 .data          0x00800100        0x0 c:/program files (x86)/atmel/avr tools/avr toolchain/bin/../lib/gcc/avr/4.8.1/../../../../avr/lib/avr5\libc.a(strrev.o)
 .data          0x00800100        0x0 c:/program files (x86)/atmel/avr tools/avr toolchain/bin/../lib/gcc/avr/4.8.1/../../../../avr/lib/avr5\libc.a(cmpsf2.o)
 .data          0x00800100        0x0 c:/program files (x86)/atmel/avr tools/avr toolchain/bin/../lib/gcc/avr/4.8.1/../../../../avr/lib/avr5\libc.a(floatsisf.o)
 .data          0x00800100        0x0 c:/program files (x86)/atmel/avr tools/avr toolchain/bin/../lib/gcc/avr/4.8.1/../../../../avr/lib/avr5\libc.a(fp_cmp.o)
 .data          0x00800100        0x0 c:/program files (x86)/atmel/avr tools/avr toolchain/bin/../lib/gcc/avr/4.8.1/../../../../avr/lib/avr5\libc.a(mulsf3.o)
 .data          0x00800100        0x0 c:/program files (x86)/atmel/avr tools/avr toolchain/bin/../lib/gcc/avr/4.8.1/../../../../avr/lib/avr5\libc.a(mulsf3x.o)
 .data          0x00800100        0x0 c:/program files (x86)/atmel/avr tools/avr toolchain/bin/../lib/gcc/avr/4.8.1/../../../../avr/lib/avr5\libc.a(errno.o)
 .data          0x00800100        0x0 c:/program files (x86)/atmel/avr tools/avr toolchain/bin/../lib/gcc/avr/4.8.1/../../../../avr/lib/avr5\libc.a(cty_isfalse.o)
 .data          0x00800100        0x0 c:/program files (x86)/atmel/avr tools/avr toolchain/bin/../lib/gcc/avr/4.8.1/../../../../avr/lib/avr5\libc.a(fp_inf.o)
 .data          0x00800100        0x0 c:/program files (x86)/atmel/avr tools/avr toolchain/bin/../lib/gcc/avr/4.8.1/../../../../avr/lib/avr5\libc.a(fp_nan.o)
 .data          0x00800100        0x0 c:/program files (x86)/atmel/avr tools/avr toolchain/bin/../lib/gcc/avr/4.8.1/../../../../avr/lib/avr5\libc.a(fp_pscA.o)
 .data          0x00800100        0x0 c:/program files (x86)/atmel/avr tools/avr toolchain/bin/../lib/gcc/avr/4.8.1/../../../../avr/lib/avr5\libc.a(fp_pscB.o)
 .data          0x00800100        0x0 c:/program files (x86)/atmel/avr tools/avr toolchain/bin/../lib/gcc/avr/4.8.1/../../../../avr/lib/avr5\libc.a(fp_round.o)
 .data          0x00800100        0x0 c:/program files (x86)/atmel/avr tools/avr toolchain/bin/../lib/gcc/avr/4.8.1/../../../../avr/lib/avr5\libc.a(fp_split3.o)
 .data          0x00800100        0x0 c:/program files (x86)/atmel/avr tools/avr toolchain/bin/../lib/gcc/avr/4.8.1/../../../../avr/lib/avr5\libc.a(fp_zero.o)
 .data          0x00800100        0x0 c:/program files (x86)/atmel/avr tools/avr toolchain/bin/../lib/gcc/avr/4.8.1/avr5\libgcc.a(_muluhisi3.o)
 .data          0x00800100        0x0 c:/program files (x86)/atmel/avr tools/avr toolchain/bin/../lib/gcc/avr/4.8.1/avr5\libgcc.a(_prologue.o)
 .data          0x00800100        0x0 c:/program files (x86)/atmel/avr tools/avr toolchain/bin/../lib/gcc/avr/4.8.1/avr5\libgcc.a(_epilogue.o)
 .data          0x00800100        0x0 c:/program files (x86)/atmel/avr tools/avr toolchain/bin/../lib/gcc/avr/4.8.1/avr5\libgcc.a(_umulhisi3.o)
 *(.data*)
 .data.uart0_out
                0x00800100        0xe ./Libraries/Source/usart.o
                0x00800100                uart0_out
 .data.uart0_in
                0x0080010e        0xe ./Libraries/Source/usart.o
                0x0080010e                uart0_in
 .data.uart0_io
                0x0080011c        0xe ./Libraries/Source/usart.o
                0x0080011c                uart0_io
 *(.rodata)
 *(.rodata*)
 .rodata.str1.1
                0x0080012a       0x7f ./SRC/SOURCE/main.o
 *(.gnu.linkonce.d*)
                0x008001aa                . = ALIGN (0x2)
 *fill*         0x008001a9        0x1 
                0x008001aa                _edata = .
                0x008001aa                PROVIDE (__data_end, .)

.bss            0x008001aa       0x46
                0x008001aa                PROVIDE (__bss_start, .)
 *(.bss)
 .bss           0x008001aa        0x0 c:/program files (x86)/atmel/avr tools/avr toolchain/bin/../lib/gcc/avr/4.8.1/../../../../avr/lib/avr5/crtm328p.o
 .bss           0x008001aa        0x0 ./SRC/SOURCE/main.o
 .bss           0x008001aa        0x0 ./Libraries/Source/delay.o
 .bss           0x008001aa        0x0 ./Libraries/Source/gpio.o
 .bss           0x008001aa        0x0 ./Libraries/Source/usart.o
 .bss           0x008001aa        0x0 c:/program files (x86)/atmel/avr tools/avr toolchain/bin/../lib/gcc/avr/4.8.1/avr5\libgcc.a(_exit.o)
 .bss           0x008001aa        0x0 c:/program files (x86)/atmel/avr tools/avr toolchain/bin/../lib/gcc/avr/4.8.1/avr5\libgcc.a(_copy_data.o)
 .bss           0x008001aa        0x0 c:/program files (x86)/atmel/avr tools/avr toolchain/bin/../lib/gcc/avr/4.8.1/avr5\libgcc.a(_clear_bss.o)
 .bss           0x008001aa        0x0 c:/program files (x86)/atmel/avr tools/avr toolchain/bin/../lib/gcc/avr/4.8.1/../../../../avr/lib/avr5\libc.a(dtostrf.o)
 .bss           0x008001aa        0x0 c:/program files (x86)/atmel/avr tools/avr toolchain/bin/../lib/gcc/avr/4.8.1/../../../../avr/lib/avr5\libc.a(atof.o)
 .bss           0x008001aa        0x0 c:/program files (x86)/atmel/avr tools/avr toolchain/bin/../lib/gcc/avr/4.8.1/../../../../avr/lib/avr5\libc.a(atoi.o)
 .bss           0x008001aa        0x0 c:/program files (x86)/atmel/avr tools/avr toolchain/bin/../lib/gcc/avr/4.8.1/../../../../avr/lib/avr5\libc.a(atol.o)
 .bss           0x008001aa        0x0 c:/program files (x86)/atmel/avr tools/avr toolchain/bin/../lib/gcc/avr/4.8.1/../../../../avr/lib/avr5\libc.a(itoa.o)
 .bss           0x008001aa        0x0 c:/program files (x86)/atmel/avr tools/avr toolchain/bin/../lib/gcc/avr/4.8.1/../../../../avr/lib/avr5\libc.a(itoa_ncheck.o)
 .bss           0x008001aa        0x0 c:/program files (x86)/atmel/avr tools/avr toolchain/bin/../lib/gcc/avr/4.8.1/../../../../avr/lib/avr5\libc.a(ltoa.o)
 .bss           0x008001aa        0x0 c:/program files (x86)/atmel/avr tools/avr toolchain/bin/../lib/gcc/avr/4.8.1/../../../../avr/lib/avr5\libc.a(ltoa_ncheck.o)
 .bss           0x008001aa        0x0 c:/program files (x86)/atmel/avr tools/avr toolchain/bin/../lib/gcc/avr/4.8.1/../../../../avr/lib/avr5\libc.a(mulsi10.o)
 .bss           0x008001aa        0x0 c:/program files (x86)/atmel/avr tools/avr toolchain/bin/../lib/gcc/avr/4.8.1/../../../../avr/lib/avr5\libc.a(mul10.o)
 .bss           0x008001aa        0x0 c:/program files (x86)/atmel/avr tools/avr toolchain/bin/../lib/gcc/avr/4.8.1/../../../../avr/lib/avr5\libc.a(ultoa.o)
 .bss           0x008001aa        0x0 c:/program files (x86)/atmel/avr tools/avr toolchain/bin/../lib/gcc/avr/4.8.1/../../../../avr/lib/avr5\libc.a(ultoa_ncheck.o)
 .bss           0x008001aa        0x0 c:/program files (x86)/atmel/avr tools/avr toolchain/bin/../lib/gcc/avr/4.8.1/../../../../avr/lib/avr5\libc.a(utoa.o)
 .bss           0x008001aa        0x0 c:/program files (x86)/atmel/avr tools/avr toolchain/bin/../lib/gcc/avr/4.8.1/../../../../avr/lib/avr5\libc.a(utoa_ncheck.o)
 .bss           0x008001aa        0x0 c:/program files (x86)/atmel/avr tools/avr toolchain/bin/../lib/gcc/avr/4.8.1/../../../../avr/lib/avr5\libc.a(dtoa_prf.o)
 .bss           0x008001aa        0x0 c:/program files (x86)/atmel/avr tools/avr toolchain/bin/../lib/gcc/avr/4.8.1/../../../../avr/lib/avr5\libc.a(strtod.o)
 .bss           0x008001aa        0x0 c:/program files (x86)/atmel/avr tools/avr toolchain/bin/../lib/gcc/avr/4.8.1/../../../../avr/lib/avr5\libc.a(ftoa_engine.o)
 .bss           0x008001aa        0x0 c:/program files (x86)/atmel/avr tools/avr toolchain/bin/../lib/gcc/avr/4.8.1/../../../../avr/lib/avr5\libc.a(isspace.o)
 .bss           0x008001aa        0x0 c:/program files (x86)/atmel/avr tools/avr toolchain/bin/../lib/gcc/avr/4.8.1/../../../../avr/lib/avr5\libc.a(strncasecmp_P.o)
 .bss           0x008001aa        0x0 c:/program files (x86)/atmel/avr tools/avr toolchain/bin/../lib/gcc/avr/4.8.1/../../../../avr/lib/avr5\libc.a(strrev.o)
 .bss           0x008001aa        0x0 c:/program files (x86)/atmel/avr tools/avr toolchain/bin/../lib/gcc/avr/4.8.1/../../../../avr/lib/avr5\libc.a(cmpsf2.o)
 .bss           0x008001aa        0x0 c:/program files (x86)/atmel/avr tools/avr toolchain/bin/../lib/gcc/avr/4.8.1/../../../../avr/lib/avr5\libc.a(floatsisf.o)
 .bss           0x008001aa        0x0 c:/program files (x86)/atmel/avr tools/avr toolchain/bin/../lib/gcc/avr/4.8.1/../../../../avr/lib/avr5\libc.a(fp_cmp.o)
 .bss           0x008001aa        0x0 c:/program files (x86)/atmel/avr tools/avr toolchain/bin/../lib/gcc/avr/4.8.1/../../../../avr/lib/avr5\libc.a(mulsf3.o)
 .bss           0x008001aa        0x0 c:/program files (x86)/atmel/avr tools/avr toolchain/bin/../lib/gcc/avr/4.8.1/../../../../avr/lib/avr5\libc.a(mulsf3x.o)
 .bss           0x008001aa        0x0 c:/program files (x86)/atmel/avr tools/avr toolchain/bin/../lib/gcc/avr/4.8.1/../../../../avr/lib/avr5\libc.a(errno.o)
 .bss           0x008001aa        0x0 c:/program files (x86)/atmel/avr tools/avr toolchain/bin/../lib/gcc/avr/4.8.1/../../../../avr/lib/avr5\libc.a(cty_isfalse.o)
 .bss           0x008001aa        0x0 c:/program files (x86)/atmel/avr tools/avr toolchain/bin/../lib/gcc/avr/4.8.1/../../../../avr/lib/avr5\libc.a(fp_inf.o)
 .bss           0x008001aa        0x0 c:/program files (x86)/atmel/avr tools/avr toolchain/bin/../lib/gcc/avr/4.8.1/../../../../avr/lib/avr5\libc.a(fp_nan.o)
 .bss           0x008001aa        0x0 c:/program files (x86)/atmel/avr tools/avr toolchain/bin/../lib/gcc/avr/4.8.1/../../../../avr/lib/avr5\libc.a(fp_pscA.o)
 .bss           0x008001aa        0x0 c:/program files (x86)/atmel/avr tools/avr toolchain/bin/../lib/gcc/avr/4.8.1/../../../../avr/lib/avr5\libc.a(fp_pscB.o)
 .bss           0x008001aa        0x0 c:/program files (x86)/atmel/avr tools/avr toolchain/bin/../lib/gcc/avr/4.8.1/../../../../avr/lib/avr5\libc.a(fp_round.o)
 .bss           0x008001aa        0x0 c:/program files (x86)/atmel/avr tools/avr toolchain/bin/../lib/gcc/avr/4.8.1/../../../../avr/lib/avr5\libc.a(fp_split3.o)
 .bss           0x008001aa        0x0 c:/program files (x86)/atmel/avr tools/avr toolchain/bin/../lib/gcc/avr/4.8.1/../../../../avr/lib/avr5\libc.a(fp_zero.o)
 .bss           0x008001aa        0x0 c:/program files (x86)/atmel/avr tools/avr toolchain/bin/../lib/gcc/avr/4.8.1/avr5\libgcc.a(_muluhisi3.o)
 .bss           0x008001aa        0x0 c:/program files (x86)/atmel/avr tools/avr toolchain/bin/../lib/gcc/avr/4.8.1/avr5\libgcc.a(_prologue.o)
 .bss           0x008001aa        0x0 c:/program files (x86)/atmel/avr tools/avr toolchain/bin/../lib/gcc/avr/4.8.1/avr5\libgcc.a(_epilogue.o)
 .bss           0x008001aa        0x0 c:/program files (x86)/atmel/avr tools/avr toolchain/bin/../lib/gcc/avr/4.8.1/avr5\libgcc.a(_umulhisi3.o)
 *(.bss*)
 *(COMMON)
 COMMON         0x008001aa       0x44 ./Libraries/Source/usart.o
                0x008001aa                rx0_buffer
                0x008001ca                tx0_Tail
                0x008001cb                rx0_Tail
                0x008001cc                tx0_Head
                0x008001cd                rx0_Head
                0x008001ce                tx0_buffer
 COMMON         0x008001ee        0x2 c:/program files (x86)/atmel/avr tools/avr toolchain/bin/../lib/gcc/avr/4.8.1/../../../../avr/lib/avr5\libc.a(errno.o)
                0x008001ee                errno
                0x008001f0                PROVIDE (__bss_end, .)
                0x000018a8                __data_load_start = LOADADDR (.data)
                0x00001952                __data_load_end = (__data_load_start + SIZEOF (.data))

.noinit         0x008001f0        0x0
                0x008001f0                PROVIDE (__noinit_start, .)
 *(.noinit*)
                0x008001f0                PROVIDE (__noinit_end, .)
                0x008001f0                _end = .
                0x008001f0                PROVIDE (__heap_start, .)

.eeprom         0x00810000        0x0
 *(.eeprom*)
                0x00810000                __eeprom_end = .

.fuse
 *(.fuse)
 *(.lfuse)
 *(.hfuse)
 *(.efuse)

.lock
 *(.lock*)

.signature
 *(.signature*)

.user_signatures
 *(.user_signatures*)

.stab
 *(.stab)

.stabstr
 *(.stabstr)

.stab.excl
 *(.stab.excl)

.stab.exclstr
 *(.stab.exclstr)

.stab.index
 *(.stab.index)

.stab.indexstr
 *(.stab.indexstr)

.comment        0x00000000       0x5c
 *(.comment)
 .comment       0x00000000       0x30 ./SRC/SOURCE/main.o
                                 0x31 (size before relaxing)
 .comment       0x00000000       0x31 ./Libraries/Source/delay.o
 .comment       0x00000000       0x31 ./Libraries/Source/gpio.o
 .comment       0x00000000       0x31 ./Libraries/Source/usart.o
 .comment       0x00000000       0x31 c:/program files (x86)/atmel/avr tools/avr toolchain/bin/../lib/gcc/avr/4.8.1/../../../../avr/lib/avr5\libc.a(dtostrf.o)
 .comment       0x00000000       0x31 c:/program files (x86)/atmel/avr tools/avr toolchain/bin/../lib/gcc/avr/4.8.1/../../../../avr/lib/avr5\libc.a(dtoa_prf.o)
 .comment       0x00000000       0x31 c:/program files (x86)/atmel/avr tools/avr toolchain/bin/../lib/gcc/avr/4.8.1/../../../../avr/lib/avr5\libc.a(strtod.o)
 .comment       0x00000030       0x2c c:/program files (x86)/atmel/avr tools/avr toolchain/bin/../lib/gcc/avr/4.8.1/../../../../avr/lib/avr5\libc.a(errno.o)
                                 0x2d (size before relaxing)

.note.gnu.build-id
 *(.note.gnu.build-id)

.debug
 *(.debug)

.line
 *(.line)

.debug_srcinfo
 *(.debug_srcinfo)

.debug_sfnames
 *(.debug_sfnames)

.debug_aranges
 *(.debug_aranges)

.debug_pubnames
 *(.debug_pubnames)

.debug_info
 *(.debug_info .gnu.linkonce.wi.*)

.debug_abbrev
 *(.debug_abbrev)

.debug_line
 *(.debug_line .debug_line.* .debug_line_end)

.debug_frame
 *(.debug_frame)

.debug_str
 *(.debug_str)

.debug_loc
 *(.debug_loc)

.debug_macinfo
 *(.debug_macinfo)

.debug_weaknames
 *(.debug_weaknames)

.debug_funcnames
 *(.debug_funcnames)

.debug_typenames
 *(.debug_typenames)

.debug_varnames
 *(.debug_varnames)

.debug_pubtypes
 *(.debug_pubtypes)

.debug_ranges
 *(.debug_ranges)

.debug_macro
 *(.debug_macro)
OUTPUT(USB_GAMESTICK.elf elf32-avr)
LOAD linker stubs
